files/108.csv
id,week,center_id,meal_id,checkout_price,base_price,emailer_for_promotion,homepage_featured,num_orders
1368470,1,108,1847,242.5,271.63,0,0,41
1030747,2,108,1847,244.5,271.63,0,0,15
1191067,3,108,1847,243.5,272.63,0,0,14
1116041,4,108,1847,242.5,271.63,0,0,27
1436153,5,108,1847,242.5,271.63,0,0,82
1099021,6,108,1847,243.5,272.63,0,0,53
1236215,7,108,1847,244.5,243.5,0,0,27
1000234,8,108,1847,243.5,243.5,0,0,27
1165160,10,108,1847,270.63,271.63,0,0,54
1474708,13,108,1847,242.5,270.63,0,0,28
1150497,16,108,1847,244.5,270.63,0,0,27
1263329,17,108,1847,242.5,271.63,0,0,26
1402193,18,108,1847,244.5,271.63,0,0,13
1365808,19,108,1847,242.5,270.63,0,0,40
1326343,20,108,1847,242.5,270.63,0,0,13
1153046,21,108,1847,243.5,243.5,0,0,14
1169198,22,108,1847,244.5,242.5,0,0,28
1338950,23,108,1847,244.5,243.5,0,0,15
1209924,25,108,1847,243.5,244.5,0,0,54
1218815,27,108,1847,242.5,242.5,0,0,26
1372903,28,108,1847,242.5,244.5,0,0,26
1156812,29,108,1847,195,243.5,0,0,42
1246835,30,108,1847,196,243.5,0,0,40
1284811,31,108,1847,196,244.5,0,0,26
1056086,32,108,1847,194,242.5,0,0,14
1431874,33,108,1847,256.08,258.08,0,0,13
1415380,34,108,1847,256.08,257.08,0,0,14
1203949,35,108,1847,256.08,256.08,0,0,28
1027238,36,108,1847,256.08,257.08,0,0,27
1199678,37,108,1847,194,257.08,0,0,53
1446045,38,108,1847,195,256.08,0,0,68
1293345,39,108,1847,195,256.08,0,0,40
1276778,40,108,1847,196,257.08,0,0,68
1032591,41,108,1847,219.28,258.08,0,0,55
1304414,42,108,1847,217.28,258.08,0,0,55
1480495,43,108,1847,219.28,218.28,0,0,134
1011131,44,108,1847,218.28,218.28,0,0,107
1055476,46,108,1847,234.8,233.8,0,0,54
1260649,47,108,1847,234.8,232.8,0,0,108
1226331,48,108,1847,232.8,234.8,0,0,26
1036973,49,108,1847,241.56,240.56,0,0,81
1075272,50,108,1847,242.56,242.56,0,0,109
1391222,51,108,1847,241.56,241.56,0,0,54
1356065,52,108,1847,240.56,241.56,0,0,42
1475490,53,108,1847,242.56,242.56,0,0,27
1341663,55,108,1847,242.56,242.56,0,0,41
1120950,56,108,1847,240.56,242.56,0,0,26
1468262,57,108,1847,241.53,243.53,0,0,41
1026958,58,108,1847,241.53,243.53,0,0,26
1138906,59,108,1847,241.53,243.53,0,0,14
1015026,60,108,1847,242.53,241.53,0,0,27
1056888,61,108,1847,243.53,242.53,0,0,27
1037191,62,108,1847,241.53,243.53,0,0,28
1411784,63,108,1847,243.53,243.53,0,0,40
1415124,64,108,1847,241.53,241.53,0,0,55
1084751,65,108,1847,243.53,241.53,0,0,28
1155967,67,108,1847,241.53,242.53,0,0,27
1269176,68,108,1847,243.53,242.53,0,0,28
1049694,69,108,1847,232.83,232.83,0,0,27
1294676,70,108,1847,231.83,232.83,0,0,40
1379068,71,108,1847,232.83,233.83,0,0,15
1346869,72,108,1847,231.83,232.83,0,0,28
1071325,73,108,1847,231.83,233.83,0,0,15
1191098,74,108,1847,232.83,233.83,0,0,14
1485838,75,108,1847,231.83,231.83,0,0,28
1233316,76,108,1847,232.83,232.83,0,0,26
1036697,77,108,1847,232.83,231.83,0,0,28
1150881,78,108,1847,233.83,231.83,0,0,27
1493428,79,108,1847,231.83,231.83,0,0,82
1260109,80,108,1847,231.83,233.83,0,0,42
1388779,81,108,1847,213.43,212.43,0,0,14
1189063,82,108,1847,213.43,213.43,0,0,26
1356373,83,108,1847,214.43,214.43,0,0,27
1456314,87,108,1847,212.43,213.43,0,0,13
1473575,89,108,1847,214.43,212.43,0,0,28
1435364,90,108,1847,214.43,213.43,0,0,28
1342944,91,108,1847,214.43,212.43,0,0,26
1306028,92,108,1847,233.83,231.83,0,0,41
1172221,93,108,1847,196,233.83,0,0,54
1492902,94,108,1847,196,232.83,0,0,40
1320219,95,108,1847,175.6,233.83,0,0,15
1002249,96,108,1847,195,231.83,0,0,42
1344733,97,108,1847,194,231.83,0,0,69
1452075,98,108,1847,196,232.83,0,1,136
1122329,99,108,1847,202.73,232.83,0,1,122
1083171,100,108,1847,195,233.83,0,1,162
1373917,101,108,1847,196,232.83,0,1,258
1050624,102,108,1847,196,232.83,0,1,190
1429230,103,108,1847,194,231.83,0,1,148
1355570,104,108,1847,195,231.83,0,1,69
1314089,105,108,1847,244.5,231.83,0,1,55
1076055,106,108,1847,243.5,232.83,0,1,108
1095783,107,108,1847,244.5,231.83,0,1,69
1181133,108,108,1847,244.5,233.83,0,1,80
1290501,109,108,1847,243.5,233.83,0,1,176
1479596,110,108,1847,243.5,233.83,0,1,54
1382048,111,108,1847,242.5,231.83,0,1,14
1010254,112,108,1847,246.41,233.83,0,1,40
1188819,113,108,1847,244.5,233.83,0,1,123
1166759,114,108,1847,243.5,231.83,0,1,94
1135126,115,108,1847,247.38,231.83,0,1,94
1311215,116,108,1847,244.5,242.5,0,0,81
1200614,117,108,1847,196,242.5,0,0,68
1008751,118,108,1847,196,244.5,0,0,40
1328317,119,108,1847,196,242.5,0,0,15
1403505,120,108,1847,195,243.5,0,0,26
1103423,121,108,1847,196,243.5,0,0,28
1369378,122,108,1847,195,244.5,0,0,67
1153288,123,108,1847,195,194,0,0,94
1007333,124,108,1847,195,195,0,0,40
1140537,125,108,1847,195,195,0,0,67
1226594,126,108,1847,196,195,0,0,96
1002236,127,108,1847,196,195,0,0,69
1254127,128,108,1847,196,196,0,0,80
1180604,129,108,1847,196,196,0,0,69
1124566,130,108,1847,195,196,0,0,95
1012950,131,108,1847,196,195,0,0,40
1378978,132,108,1847,195,195,0,0,42
1466341,133,108,1847,196,196,0,0,27
1018992,134,108,1847,196,194,0,0,54
1473414,135,108,1847,194,195,0,0,15
1129992,136,108,1847,195,196,0,0,40
1014177,137,108,1847,195,194,0,0,81
1206663,138,108,1847,195,195,0,0,53
1213020,139,108,1847,195,194,0,0,95
1491941,140,108,1847,196,194,0,0,28
1496169,141,108,1847,196,196,0,0,55
1282629,142,108,1847,194,195,0,0,42
1221991,143,108,1847,195,194,0,0,15
1487522,144,108,1847,194,196,0,0,67
1127956,145,108,1847,194,195,0,0,27
1070573,1,108,1558,582.03,612.13,1,0,96
1351573,2,108,1558,582.03,611.13,1,0,69
1054062,3,108,1558,612.13,612.13,0,0,67
1131652,4,108,1558,612.13,611.13,0,0,136
1289038,5,108,1558,611.13,612.13,0,0,53
1062929,6,108,1558,612.13,612.13,0,0,95
1177856,7,108,1558,611.13,610.13,0,0,53
1236265,8,108,1558,612.13,612.13,0,0,28
1017130,9,108,1558,583.03,582.03,0,0,80
1167047,10,108,1558,582.03,582.03,0,0,55
1139179,11,108,1558,581.03,581.03,0,0,54
1427747,12,108,1558,553.87,581.03,1,1,123
1228849,13,108,1558,534.53,582.03,1,0,122
1257161,14,108,1558,611.13,612.13,0,0,67
1317575,15,108,1558,611.13,610.13,0,0,96
1389539,16,108,1558,610.13,611.13,0,0,54
1382277,17,108,1558,611.13,611.13,0,0,42
1113365,18,108,1558,611.13,612.13,0,0,95
1009967,19,108,1558,610.13,610.13,0,0,54
1200635,20,108,1558,535.47,612.13,1,0,134
1061219,21,108,1558,515.13,611.13,1,0,109
1136145,22,108,1558,610.13,610.13,0,0,28
1263851,23,108,1558,610.13,611.13,0,0,53
1227654,24,108,1558,622.77,623.77,0,0,135
1204154,25,108,1558,610.13,610.13,0,0,68
1457625,26,108,1558,484.03,611.13,1,1,204
1142653,27,108,1558,486.03,612.13,1,0,136
1491227,28,108,1558,727.53,727.53,0,0,27
1379259,29,108,1558,728.53,728.53,0,0,28
1193141,30,108,1558,726.53,728.53,0,0,41
1134453,31,108,1558,727.53,728.53,0,0,41
1185752,32,108,1558,726.53,726.53,0,0,41
1301615,33,108,1558,726.53,726.53,0,0,26
1232908,34,108,1558,728.53,727.53,0,0,28
1398387,35,108,1558,678.03,679.03,0,0,40
1157961,36,108,1558,679.03,678.03,0,0,80
1188076,37,108,1558,434.59,680.03,1,1,568
1271354,38,108,1558,435.59,680.03,1,1,446
1224576,39,108,1558,448.17,679.03,0,1,243
1033038,40,108,1558,434.59,678.03,0,0,283
1439790,41,108,1558,680.03,680.03,0,0,27
1384469,42,108,1558,678.03,680.03,0,0,27
1346079,43,108,1558,680.03,679.03,0,0,55
1159374,44,108,1558,679.03,679.03,0,0,55
1372593,45,108,1558,502.52,679.03,1,1,162
1243098,46,108,1558,486.03,680.03,0,0,256
1466056,47,108,1558,452.05,678.03,0,1,269
1464578,48,108,1558,517.07,679.03,0,0,40
1138650,49,108,1558,679.03,678.03,0,0,55
1415574,50,108,1558,678.03,680.03,0,0,40
1412443,51,108,1558,679.03,679.03,0,0,82
1360093,52,108,1558,680.03,679.03,0,0,80
1119059,53,108,1558,678.03,680.03,0,0,81
1104331,54,108,1558,680.03,678.03,0,0,96
1069090,55,108,1558,486.03,678.03,1,0,204
1315668,56,108,1558,680.03,678.03,0,0,55
1284429,57,108,1558,678.03,680.03,0,0,109
1424657,58,108,1558,678.03,679.03,0,0,163
1032957,59,108,1558,678.03,679.03,0,0,53
1053772,60,108,1558,678.03,678.03,0,0,55
1023421,61,108,1558,439.41,678.03,1,1,513
1118222,62,108,1558,434.59,679.03,1,1,96
1180617,63,108,1558,435.59,680.03,1,1,485
1306462,64,108,1558,433.59,680.03,1,1,420
1499147,65,108,1558,678.03,678.03,0,0,26
1328203,66,108,1558,680.03,678.03,0,0,122
1349670,67,108,1558,678.03,680.03,0,0,81
1073387,68,108,1558,680.03,678.03,0,0,40
1289207,69,108,1558,680.03,679.03,0,0,69
1261891,70,108,1558,678.03,679.03,0,0,13
1458120,71,108,1558,679.03,679.03,0,0,15
1183438,72,108,1558,679.03,680.03,0,0,41
1024794,73,108,1558,679.03,679.03,0,0,53
1251955,74,108,1558,679.03,680.03,0,0,42
1206087,75,108,1558,485.03,680.03,1,1,149
1189626,76,108,1558,485.03,679.03,1,1,163
1364296,77,108,1558,679.03,680.03,0,0,42
1056874,78,108,1558,678.03,680.03,0,0,14
1466187,79,108,1558,464.69,678.03,1,1,202
1495572,80,108,1558,680.03,679.03,0,0,41
1484546,81,108,1558,678.03,678.03,0,0,54
1248540,82,108,1558,680.03,678.03,0,0,27
1276025,83,108,1558,678.03,679.03,0,0,40
1243798,84,108,1558,485.03,680.03,1,1,188
1331744,85,108,1558,495.7,678.03,1,1,256
1324378,86,108,1558,486.03,679.03,0,1,176
1176861,87,108,1558,485.03,679.03,0,1,121
1477393,88,108,1558,485.03,679.03,0,0,204
1059964,89,108,1558,464.69,678.03,1,1,256
1004527,90,108,1558,484.03,680.03,0,0,161
1230066,91,108,1558,486.03,680.03,0,0,135
1003755,92,108,1558,437.53,679.03,1,1,258
1049416,93,108,1558,437.53,680.03,1,1,297
1134058,94,108,1558,680.03,678.03,0,0,68
1128855,95,108,1558,680.03,678.03,0,0,67
1084503,96,108,1558,678.03,680.03,0,0,150
1340867,97,108,1558,679.03,678.03,0,0,68
1398381,98,108,1558,535.5,679.03,1,0,54
1176293,99,108,1558,533.5,678.03,1,0,94
1449165,100,108,1558,680.03,679.03,0,0,15
1050542,101,108,1558,678.03,679.03,0,0,81
1174917,102,108,1558,678.03,678.03,0,0,26
1104412,103,108,1558,678.03,678.03,0,0,55
1086231,104,108,1558,678.03,679.03,0,0,53
1161789,105,108,1558,679.03,678.03,0,0,53
1304953,106,108,1558,678.03,680.03,0,0,96
1081337,107,108,1558,679.03,679.03,0,0,15
1056829,108,108,1558,490.82,680.03,0,1,366
1088732,109,108,1558,485.03,679.03,1,1,499
1106644,110,108,1558,678.03,679.03,0,0,27
1311018,111,108,1558,697.43,697.43,0,0,69
1252394,112,108,1558,698.43,699.43,0,0,67
1114922,113,108,1558,462.69,699.43,1,1,755
1250897,114,108,1558,463.69,698.43,1,1,486
1276551,115,108,1558,463.69,699.43,1,1,256
1156777,116,108,1558,463.69,698.43,1,1,162
1406903,117,108,1558,698.43,698.43,0,0,53
1439807,118,108,1558,698.43,697.43,0,0,14
1495809,119,108,1558,697.43,698.43,0,0,80
1218431,120,108,1558,699.43,699.43,0,0,42
1036016,121,108,1558,487,698.43,1,1,404
1113277,122,108,1558,669.33,668.33,0,0,54
1047383,123,108,1558,668.33,669.33,0,0,69
1370930,124,108,1558,641.23,640.23,0,0,42
1404999,125,108,1558,641.23,641.23,0,0,42
1356421,126,108,1558,559.69,639.23,1,1,162
1262035,127,108,1558,561.69,641.23,1,1,107
1241674,128,108,1558,640.23,641.23,0,0,149
1100119,129,108,1558,639.23,640.23,0,0,55
1283905,130,108,1558,485.03,641.23,1,1,175
1093767,131,108,1558,500.52,640.23,1,1,257
1151658,132,108,1558,640.23,639.23,0,0,68
1244572,133,108,1558,640.23,639.23,0,0,68
1484723,134,108,1558,549.08,641.23,0,0,95
1182353,135,108,1558,549.08,640.23,1,1,94
1482419,136,108,1558,548.08,639.23,1,1,177
1056669,137,108,1558,549.08,641.23,0,0,107
1153940,138,108,1558,547.08,640.23,0,0,136
1142573,139,108,1558,548.08,640.23,0,0,80
1141164,140,108,1558,548.08,639.23,0,0,163
1443001,141,108,1558,457.87,640.23,1,1,445
1039096,142,108,1558,466.57,640.23,1,1,406
1033984,143,108,1558,548.08,548.08,0,0,67
1360118,144,108,1558,547.08,547.08,0,0,55
1130292,145,108,1558,564.6,562.6,0,0,55
1418333,1,108,2581,583.03,610.13,1,1,311
1378536,2,108,2581,582.03,611.13,1,1,352
1238432,3,108,2581,610.13,612.13,0,0,123
1219561,4,108,2581,616.98,614.98,0,0,323
1300674,5,108,2581,617.89,617.89,0,0,215
1424004,6,108,2581,612.13,610.13,0,0,136
1428291,7,108,2581,611.13,611.13,0,0,149
1023442,8,108,2581,610.13,611.13,0,0,42
1355945,9,108,2581,581.03,581.03,0,0,149
1017684,10,108,2581,581.03,581.03,0,0,175
1414579,11,108,2581,583.03,582.03,0,0,162
1058971,12,108,2581,534.53,582.03,1,0,149
1145111,13,108,2581,532.53,581.03,1,1,188
1047949,14,108,2581,610.13,612.13,0,0,134
1482411,15,108,2581,619.83,620.83,0,0,161
1439189,16,108,2581,611.13,611.13,0,0,80
1372076,17,108,2581,611.13,612.13,0,0,175
1270980,18,108,2581,611.13,610.13,0,0,163
1376341,19,108,2581,610.13,612.13,0,0,96
1189382,20,108,2581,527.74,612.13,1,0,229
1321938,21,108,2581,514.13,611.13,1,1,215
1357915,22,108,2581,610.13,612.13,0,0,80
1414413,23,108,2581,610.13,611.13,0,0,67
1104089,24,108,2581,610.13,610.13,0,0,149
1282160,25,108,2581,611.13,612.13,0,0,150
1139962,26,108,2581,484.03,610.13,1,1,215
1392884,27,108,2581,484.03,612.13,1,0,271
1020292,28,108,2581,727.53,727.53,0,0,150
1432946,29,108,2581,726.53,727.53,0,0,122
1083189,30,108,2581,726.53,728.53,0,0,81
1357806,31,108,2581,727.53,726.53,0,0,82
1414840,32,108,2581,726.53,727.53,0,0,67
1250211,33,108,2581,728.53,727.53,0,0,40
1379579,34,108,2581,727.53,726.53,0,0,41
1235346,35,108,2581,678.03,679.03,0,0,122
1030634,36,108,2581,679.03,680.03,0,0,81
1420721,37,108,2581,435.59,679.03,1,1,351
1345675,38,108,2581,433.59,678.03,1,1,501
1208346,39,108,2581,434.59,678.03,0,0,310
1047676,40,108,2581,440.41,680.03,0,1,609
1334412,41,108,2581,678.03,678.03,0,0,95
1020309,42,108,2581,678.03,678.03,0,0,108
1030947,43,108,2581,680.03,679.03,0,0,176
1314041,44,108,2581,679.03,680.03,0,0,96
1092778,45,108,2581,490.85,678.03,1,1,473
1027555,46,108,2581,486.03,680.03,0,1,431
1090046,47,108,2581,450.14,679.03,0,1,378
1131533,48,108,2581,680.03,679.03,0,0,177
1413696,49,108,2581,680.03,679.03,0,0,121
1272735,50,108,2581,678.03,679.03,0,0,69
1350326,51,108,2581,678.03,680.03,0,0,149
1424812,52,108,2581,680.03,679.03,0,0,122
1380236,53,108,2581,680.03,679.03,0,0,150
1312527,54,108,2581,678.03,680.03,0,0,108
1370857,55,108,2581,484.03,678.03,1,1,392
1048760,56,108,2581,680.03,679.03,0,0,176
1333618,57,108,2581,679.03,678.03,0,0,136
1316534,58,108,2581,680.03,678.03,0,0,94
1497224,59,108,2581,680.03,680.03,0,0,94
1130656,60,108,2581,680.03,680.03,0,0,203
1437644,61,108,2581,434.59,680.03,1,1,473
1302778,62,108,2581,434.59,680.03,1,1,108
1119166,63,108,2581,433.59,680.03,1,1,744
1358446,64,108,2581,441.38,679.03,1,1,512
1478837,65,108,2581,680.03,679.03,0,0,13
1314324,66,108,2581,680.03,679.03,0,0,68
1287187,67,108,2581,679.03,680.03,0,0,80
1497337,68,108,2581,679.03,680.03,0,0,80
1025226,69,108,2581,678.03,678.03,0,0,82
1088377,70,108,2581,678.03,680.03,0,0,53
1368729,71,108,2581,679.03,679.03,0,0,95
1459706,72,108,2581,678.03,680.03,0,0,69
1140704,73,108,2581,678.03,678.03,0,0,42
1324558,74,108,2581,678.03,679.03,0,0,53
1178102,75,108,2581,484.03,678.03,1,1,296
1199452,76,108,2581,486.03,680.03,1,1,216
1051571,77,108,2581,678.03,679.03,0,0,163
1012991,78,108,2581,680.03,678.03,0,0,68
1154413,79,108,2581,476.3,680.03,1,1,231
1243997,80,108,2581,680.03,680.03,0,0,41
1057477,81,108,2581,679.03,678.03,0,0,40
1109725,82,108,2581,680.03,680.03,0,0,67
1152629,83,108,2581,678.03,679.03,0,0,42
1211489,84,108,2581,484.03,678.03,1,0,312
1301703,85,108,2581,485.03,679.03,1,1,350
1235925,86,108,2581,484.03,680.03,0,1,297
1169535,87,108,2581,485.03,680.03,0,0,161
1366970,88,108,2581,484.03,678.03,0,0,243
1440211,89,108,2581,463.69,678.03,1,1,379
1196694,90,108,2581,480.21,678.03,0,0,121
1124339,91,108,2581,485.03,679.03,0,0,108
1444375,92,108,2581,437.53,680.03,1,1,324
1461067,93,108,2581,436.53,679.03,1,1,459
1255265,94,108,2581,678.03,679.03,0,0,53
1378167,95,108,2581,678.03,679.03,0,0,109
1361392,96,108,2581,680.03,679.03,0,0,121
1494826,97,108,2581,679.03,680.03,0,0,42
1305895,98,108,2581,535.5,678.03,1,1,82
1204495,99,108,2581,547.14,678.03,1,1,161
1445799,100,108,2581,680.03,679.03,0,0,123
1142020,101,108,2581,680.03,680.03,0,0,122
1023183,102,108,2581,679.03,679.03,0,0,82
1301879,103,108,2581,668.39,668.39,0,0,81
1231807,104,108,2581,680.03,680.03,0,0,108
1486118,105,108,2581,678.03,679.03,0,0,54
1050936,106,108,2581,679.03,680.03,0,0,27
1256114,107,108,2581,678.03,678.03,0,0,41
1327549,108,108,2581,486.03,679.03,0,1,433
1311728,109,108,2581,485.03,680.03,1,1,567
1241635,110,108,2581,639.23,639.23,0,0,136
1010106,111,108,2581,699.43,697.43,0,0,53
1200297,112,108,2581,698.43,699.43,0,0,82
1381315,113,108,2581,462.69,699.43,1,1,998
1193937,114,108,2581,462.69,698.43,1,1,648
1269209,115,108,2581,464.69,699.43,1,1,446
1461324,116,108,2581,464.69,699.43,1,1,338
1190902,117,108,2581,698.43,698.43,0,0,94
1074725,118,108,2581,697.43,697.43,0,0,42
1319160,119,108,2581,698.43,699.43,0,0,13
1487380,120,108,2581,698.43,697.43,0,0,121
1294354,121,108,2581,496.67,698.43,1,0,433
1094067,122,108,2581,668.33,670.33,0,0,96
1332784,123,108,2581,670.33,670.33,0,0,41
1491073,124,108,2581,639.23,641.23,0,0,28
1369981,125,108,2581,639.23,640.23,0,0,108
1299501,126,108,2581,564.54,640.23,1,1,243
1145892,127,108,2581,560.69,641.23,1,1,190
1154807,128,108,2581,641.23,641.23,0,0,53
1282176,129,108,2581,639.23,641.23,0,0,14
1297989,130,108,2581,485.03,641.23,1,1,323
1480905,131,108,2581,484.03,640.23,1,1,377
1365507,132,108,2581,587.82,587.82,0,0,42
1406268,133,108,2581,639.23,640.23,0,0,82
1175477,134,108,2581,549.08,639.23,0,0,81
1390252,135,108,2581,549.08,640.23,1,1,148
1183445,136,108,2581,547.08,640.23,1,1,175
1298555,137,108,2581,549.08,641.23,0,0,188
1206825,138,108,2581,547.08,641.23,0,0,121
1473784,139,108,2581,547.08,641.23,0,0,55
1296714,140,108,2581,547.08,639.23,0,0,136
1435055,141,108,2581,463.66,641.23,1,0,514
1202844,142,108,2581,467.6,641.23,1,1,432
1260656,143,108,2581,542.26,543.26,0,0,244
1257053,144,108,2581,547.08,547.08,0,0,150
1450815,145,108,2581,563.6,563.6,0,0,271
